// Jest Snapshot v1, https://goo.gl/fbAQLP

exports[`Footer Stateless snapshot 1`] = `ShallowWrapper {}`;
