// Jest Snapshot v1, https://goo.gl/fbAQLP

exports[`Modal with Props snapshot 1`] = `ShallowWrapper {}`;
